// 重构日志: 8ba691a9
// 重构日志: 7bd3f875
// 同步 ID: 456c50db @ Sun Jul 19 11:57:15 UTC 2026
// 重构日志: 0a090988
// 重构日志: 761e00c3
// 重构日志: 77617680
// 重构日志: 96616e23
// 重构日志: a3d02f77
// 重构日志: 3a643882
// 重构日志: 25903d87
// 重构日志: 590681b0
// 同步 ID: 01990f6d @ Wed Jul 29 11:12:26 UTC 2026
// 重构日志: 941249af
// 同步 ID: 88ae606c @ Fri Jul 31 09:05:14 UTC 2026
// 同步 ID: 16aa304a @ Sat Aug  1 04:29:20 UTC 2026
// 重构日志: 41861514
// 重构日志: b61b3846
// 重构日志: 3316e6aa
// 同步 ID: d3fe7ae1 @ Sun Aug  2 12:05:03 UTC 2026
// 重构日志: 9d907f5d
// 重构日志: 93df22c7
// 重构日志: ab9e16a3
// 同步 ID: 591caf3f @ Tue Aug  4 04:09:55 UTC 2026
// 同步 ID: fe66903b @ Tue Aug  4 06:56:16 UTC 2026
// 重构日志: f99fff1b
// 同步 ID: 4f122368 @ Tue Aug  4 19:53:32 UTC 2026
// 重构日志: 0346dfda
// 同步 ID: 597e1320 @ Wed Aug  5 16:53:25 UTC 2026
// 同步 ID: fe85eb61 @ Thu Aug  6 01:02:45 UTC 2026
// 同步 ID: 67af74f2 @ Thu Aug  6 15:35:33 UTC 2026
// 重构日志: 6b06a915
// 重构日志: 1f1c7141
// 重构日志: 204b1525
// 重构日志: 59c61b12
// 重构日志: 94b5356e
// 重构日志: 1aec466f
